
> velox@0.1.0 build
> tsc && vite build

[36mvite v7.2.4 [32mbuilding client environment for production...[36m[39m
transforming...
[32mΓ£ô[39m 4027 modules transformed.
rendering chunks...
computing gzip size...
[2mdist/[22m[32mindex.html                                       [39m[1m[2m    0.73 kB[22m[1m[22m[2m Γöé gzip:   0.41 kB[22m
[2mdist/[22m[32massets/KaTeX_Size3-Regular-CTq5MqoE.woff         [39m[1m[2m    4.42 kB[22m[1m[22m
[2mdist/[22m[32massets/KaTeX_Size4-Regular-Dl5lxZxV.woff2        [39m[1m[2m    4.93 kB[22m[1m[22m
[2mdist/[22m[32massets/KaTeX_Size2-Regular-Dy4dx90m.woff2        [39m[1m[2m    5.21 kB[22m[1m[22m
[2mdist/[22m[32massets/KaTeX_Size1-Regular-mCD8mA8B.woff2        [39m[1m[2m    5.47 kB[22m[1m[22m
[2mdist/[22m[32massets/KaTeX_Size4-Regular-BF-4gkZK.woff         [39m[1m[2m    5.98 kB[22m[1m[22m
[2mdist/[22m[32massets/KaTeX_Size2-Regular-oD1tc_U0.woff         [39m[1m[2m    6.19 kB[22m[1m[22m
[2mdist/[22m[32massets/KaTeX_Size1-Regular-C195tn64.woff         [39m[1m[2m    6.50 kB[22m[1m[22m
[2mdist/[22m[32massets/KaTeX_Caligraphic-Regular-Di6jR-x-.woff2  [39m[1m[2m    6.91 kB[22m[1m[22m
[2mdist/[22m[32massets/KaTeX_Caligraphic-Bold-Dq_IR9rO.woff2     [39m[1m[2m    6.91 kB[22m[1m[22m
[2mdist/[22m[32massets/KaTeX_Size3-Regular-DgpXs0kz.ttf          [39m[1m[2m    7.59 kB[22m[1m[22m
[2mdist/[22m[32massets/KaTeX_Caligraphic-Regular-CTRA-rTL.woff   [39m[1m[2m    7.66 kB[22m[1m[22m
[2mdist/[22m[32massets/KaTeX_Caligraphic-Bold-BEiXGLvX.woff      [39m[1m[2m    7.72 kB[22m[1m[22m
[2mdist/[22m[32massets/KaTeX_Script-Regular-D3wIWfF6.woff2       [39m[1m[2m    9.64 kB[22m[1m[22m
[2mdist/[22m[32massets/KaTeX_SansSerif-Regular-DDBCnlJ7.woff2    [39m[1m[2m   10.34 kB[22m[1m[22m
[2mdist/[22m[32massets/KaTeX_Size4-Regular-DWFBv043.ttf          [39m[1m[2m   10.36 kB[22m[1m[22m
[2mdist/[22m[32massets/KaTeX_Script-Regular-D5yQViql.woff        [39m[1m[2m   10.59 kB[22m[1m[22m
[2mdist/[22m[32massets/KaTeX_Fraktur-Regular-CTYiF6lA.woff2      [39m[1m[2m   11.32 kB[22m[1m[22m
[2mdist/[22m[32massets/KaTeX_Fraktur-Bold-CL6g_b3V.woff2         [39m[1m[2m   11.35 kB[22m[1m[22m
[2mdist/[22m[32massets/KaTeX_Size2-Regular-B7gKUWhC.ttf          [39m[1m[2m   11.51 kB[22m[1m[22m
[2mdist/[22m[32massets/KaTeX_SansSerif-Italic-C3H0VqGB.woff2     [39m[1m[2m   12.03 kB[22m[1m[22m
[2mdist/[22m[32massets/KaTeX_SansSerif-Bold-D1sUS0GD.woff2       [39m[1m[2m   12.22 kB[22m[1m[22m
[2mdist/[22m[32massets/KaTeX_Size1-Regular-Dbsnue_I.ttf          [39m[1m[2m   12.23 kB[22m[1m[22m
[2mdist/[22m[32massets/KaTeX_SansSerif-Regular-CS6fqUqJ.woff     [39m[1m[2m   12.32 kB[22m[1m[22m
[2mdist/[22m[32massets/KaTeX_Caligraphic-Regular-wX97UBjC.ttf    [39m[1m[2m   12.34 kB[22m[1m[22m
[2mdist/[22m[32massets/KaTeX_Caligraphic-Bold-ATXxdsX0.ttf       [39m[1m[2m   12.37 kB[22m[1m[22m
[2mdist/[22m[32massets/KaTeX_Fraktur-Regular-Dxdc4cR9.woff       [39m[1m[2m   13.21 kB[22m[1m[22m
[2mdist/[22m[32massets/KaTeX_Fraktur-Bold-BsDP51OF.woff          [39m[1m[2m   13.30 kB[22m[1m[22m
[2mdist/[22m[32massets/KaTeX_Typewriter-Regular-CO6r4hn1.woff2   [39m[1m[2m   13.57 kB[22m[1m[22m
[2mdist/[22m[32massets/KaTeX_SansSerif-Italic-DN2j7dab.woff      [39m[1m[2m   14.11 kB[22m[1m[22m
[2mdist/[22m[32massets/KaTeX_SansSerif-Bold-DbIhKOiC.woff        [39m[1m[2m   14.41 kB[22m[1m[22m
[2mdist/[22m[32massets/KaTeX_Typewriter-Regular-C0xS9mPB.woff    [39m[1m[2m   16.03 kB[22m[1m[22m
[2mdist/[22m[32massets/KaTeX_Math-BoldItalic-CZnvNsCZ.woff2      [39m[1m[2m   16.40 kB[22m[1m[22m
[2mdist/[22m[32massets/KaTeX_Math-Italic-t53AETM-.woff2          [39m[1m[2m   16.44 kB[22m[1m[22m
[2mdist/[22m[32massets/KaTeX_Script-Regular-C5JkGWo-.ttf         [39m[1m[2m   16.65 kB[22m[1m[22m
[2mdist/[22m[32massets/KaTeX_Main-BoldItalic-DxDJ3AOS.woff2      [39m[1m[2m   16.78 kB[22m[1m[22m
[2mdist/[22m[32massets/KaTeX_Main-Italic-NWA7e6Wa.woff2          [39m[1m[2m   16.99 kB[22m[1m[22m
[2mdist/[22m[32massets/KaTeX_Math-BoldItalic-iY-2wyZ7.woff       [39m[1m[2m   18.67 kB[22m[1m[22m
[2mdist/[22m[32massets/KaTeX_Math-Italic-DA0__PXp.woff           [39m[1m[2m   18.75 kB[22m[1m[22m
[2mdist/[22m[32massets/KaTeX_Main-BoldItalic-SpSLRI95.woff       [39m[1m[2m   19.41 kB[22m[1m[22m
[2mdist/[22m[32massets/KaTeX_SansSerif-Regular-BNo7hRIc.ttf      [39m[1m[2m   19.44 kB[22m[1m[22m
[2mdist/[22m[32massets/KaTeX_Fraktur-Regular-CB_wures.ttf        [39m[1m[2m   19.57 kB[22m[1m[22m
[2mdist/[22m[32massets/KaTeX_Fraktur-Bold-BdnERNNW.ttf           [39m[1m[2m   19.58 kB[22m[1m[22m
[2mdist/[22m[32massets/KaTeX_Main-Italic-BMLOBm91.woff           [39m[1m[2m   19.68 kB[22m[1m[22m
[2mdist/[22m[32massets/KaTeX_SansSerif-Italic-YYjJ1zSn.ttf       [39m[1m[2m   22.36 kB[22m[1m[22m
[2mdist/[22m[32massets/KaTeX_SansSerif-Bold-CFMepnvq.ttf         [39m[1m[2m   24.50 kB[22m[1m[22m
[2mdist/[22m[32massets/KaTeX_Main-Bold-Cx986IdX.woff2            [39m[1m[2m   25.32 kB[22m[1m[22m
[2mdist/[22m[32massets/KaTeX_Main-Regular-B22Nviop.woff2         [39m[1m[2m   26.27 kB[22m[1m[22m
[2mdist/[22m[32massets/KaTeX_Typewriter-Regular-D3Ib7_Hf.ttf     [39m[1m[2m   27.56 kB[22m[1m[22m
[2mdist/[22m[32massets/KaTeX_AMS-Regular-BQhdFMY1.woff2          [39m[1m[2m   28.08 kB[22m[1m[22m
[2mdist/[22m[32massets/KaTeX_Main-Bold-Jm3AIy58.woff             [39m[1m[2m   29.91 kB[22m[1m[22m
[2mdist/[22m[32massets/KaTeX_Main-Regular-Dr94JaBh.woff          [39m[1m[2m   30.77 kB[22m[1m[22m
[2mdist/[22m[32massets/KaTeX_Math-BoldItalic-B3XSjfu4.ttf        [39m[1m[2m   31.20 kB[22m[1m[22m
[2mdist/[22m[32massets/KaTeX_Math-Italic-flOr_0UB.ttf            [39m[1m[2m   31.31 kB[22m[1m[22m
[2mdist/[22m[32massets/KaTeX_Main-BoldItalic-DzxPMmG6.ttf        [39m[1m[2m   32.97 kB[22m[1m[22m
[2mdist/[22m[32massets/KaTeX_AMS-Regular-DMm9YOAa.woff           [39m[1m[2m   33.52 kB[22m[1m[22m
[2mdist/[22m[32massets/KaTeX_Main-Italic-3WenGoN9.ttf            [39m[1m[2m   33.58 kB[22m[1m[22m
[2mdist/[22m[32massets/KaTeX_Main-Bold-waoOVXN0.ttf              [39m[1m[2m   51.34 kB[22m[1m[22m
[2mdist/[22m[32massets/KaTeX_Main-Regular-ypZvNtVU.ttf           [39m[1m[2m   53.58 kB[22m[1m[22m
[2mdist/[22m[32massets/KaTeX_AMS-Regular-DRggAlZN.ttf            [39m[1m[2m   63.63 kB[22m[1m[22m
[2mdist/[22m[35massets/index-LEVF9AFM.css                        [39m[1m[2m   81.23 kB[22m[1m[22m[2m Γöé gzip:  18.50 kB[22m
[2mdist/[22m[36massets/clone-BoxP0m6r.js                         [39m[1m[2m    0.10 kB[22m[1m[22m[2m Γöé gzip:   0.11 kB[22m
[2mdist/[22m[36massets/channel-7uGicOVs.js                       [39m[1m[2m    0.11 kB[22m[1m[22m[2m Γöé gzip:   0.12 kB[22m
[2mdist/[22m[36massets/init-Gi6I4Gst.js                          [39m[1m[2m    0.15 kB[22m[1m[22m[2m Γöé gzip:   0.13 kB[22m
[2mdist/[22m[36massets/chunk-QZHKN3VN-DDchU0Vy.js                [39m[1m[2m    0.19 kB[22m[1m[22m[2m Γöé gzip:   0.16 kB[22m
[2mdist/[22m[36massets/chunk-4BX2VUAB-4ToUxsKY.js                [39m[1m[2m    0.22 kB[22m[1m[22m[2m Γöé gzip:   0.17 kB[22m
[2mdist/[22m[36massets/chunk-55IACEB6-BlJ_yKb1.js                [39m[1m[2m    0.23 kB[22m[1m[22m[2m Γöé gzip:   0.21 kB[22m
[2mdist/[22m[36massets/stateDiagram-v2-4FDKWEC3-X0uyt8fP.js      [39m[1m[2m    0.36 kB[22m[1m[22m[2m Γöé gzip:   0.27 kB[22m
[2mdist/[22m[36massets/chunk-FMBD7UC4-IWXbCRvk.js                [39m[1m[2m    0.36 kB[22m[1m[22m[2m Γöé gzip:   0.27 kB[22m
[2mdist/[22m[36massets/classDiagram-2ON5EDUG-D3m2E_t4.js         [39m[1m[2m    0.40 kB[22m[1m[22m[2m Γöé gzip:   0.29 kB[22m
[2mdist/[22m[36massets/classDiagram-v2-WZHVMYZB-D3m2E_t4.js      [39m[1m[2m    0.40 kB[22m[1m[22m[2m Γöé gzip:   0.29 kB[22m
[2mdist/[22m[36massets/chunk-QN33PNHL-D20WI6FY.js                [39m[1m[2m    0.50 kB[22m[1m[22m[2m Γöé gzip:   0.36 kB[22m
[2mdist/[22m[36massets/infoDiagram-WHAUD3N6-DyMajfy5.js          [39m[1m[2m    0.66 kB[22m[1m[22m[2m Γöé gzip:   0.44 kB[22m
[2mdist/[22m[36massets/ordinal-Cboi1Yqb.js                       [39m[1m[2m    1.19 kB[22m[1m[22m[2m Γöé gzip:   0.57 kB[22m
[2mdist/[22m[36massets/chunk-TZMSLE5B-CAwo3esf.js                [39m[1m[2m    1.43 kB[22m[1m[22m[2m Γöé gzip:   0.63 kB[22m
[2mdist/[22m[36massets/_basePickBy-DzA40Xxt.js                   [39m[1m[2m    2.58 kB[22m[1m[22m[2m Γöé gzip:   1.28 kB[22m
[2mdist/[22m[36massets/arc-C4BCef7d.js                           [39m[1m[2m    3.43 kB[22m[1m[22m[2m Γöé gzip:   1.48 kB[22m
[2mdist/[22m[36massets/diagram-S2PKOQOG-DD2GR4Vp.js              [39m[1m[2m    4.27 kB[22m[1m[22m[2m Γöé gzip:   1.86 kB[22m
[2mdist/[22m[36massets/defaultLocale-C4B-KCzX.js                 [39m[1m[2m    4.55 kB[22m[1m[22m[2m Γöé gzip:   2.13 kB[22m
[2mdist/[22m[36massets/pieDiagram-ADFJNKIX-CzRAzbjl.js           [39m[1m[2m    5.21 kB[22m[1m[22m[2m Γöé gzip:   2.31 kB[22m
[2mdist/[22m[36massets/linear-DqGW8pPO.js                        [39m[1m[2m    5.65 kB[22m[1m[22m[2m Γöé gzip:   2.30 kB[22m
[2mdist/[22m[36massets/diagram-QEK2KX5R-DXuOfi-W.js              [39m[1m[2m    5.88 kB[22m[1m[22m[2m Γöé gzip:   2.48 kB[22m
[2mdist/[22m[36massets/graph-DLTMx39G.js                         [39m[1m[2m    5.91 kB[22m[1m[22m[2m Γöé gzip:   1.87 kB[22m
[2mdist/[22m[36massets/stateDiagram-FKZM4ZOC--H57F_DP.js         [39m[1m[2m   10.35 kB[22m[1m[22m[2m Γöé gzip:   3.62 kB[22m
[2mdist/[22m[36massets/dagre-6UL2VRFP-Bv9Zlpg2.js                [39m[1m[2m   10.97 kB[22m[1m[22m[2m Γöé gzip:   4.09 kB[22m
[2mdist/[22m[36massets/_baseUniq-sPY4RAR9.js                     [39m[1m[2m   11.88 kB[22m[1m[22m[2m Γöé gzip:   4.65 kB[22m
[2mdist/[22m[36massets/diagram-PSM6KHXK-BouRKr3M.js              [39m[1m[2m   15.84 kB[22m[1m[22m[2m Γöé gzip:   5.66 kB[22m
[2mdist/[22m[36massets/kanban-definition-3W4ZIXB7-B-9xKhQ7.js    [39m[1m[2m   20.16 kB[22m[1m[22m[2m Γöé gzip:   7.15 kB[22m
[2mdist/[22m[36massets/mindmap-definition-VGOIOE7T-DIBwz0ne.js   [39m[1m[2m   20.87 kB[22m[1m[22m[2m Γöé gzip:   7.27 kB[22m
[2mdist/[22m[36massets/sankeyDiagram-TZEHDZUN-BjfRj0QH.js        [39m[1m[2m   22.07 kB[22m[1m[22m[2m Γöé gzip:   8.12 kB[22m
[2mdist/[22m[36massets/journeyDiagram-XKPGCS4Q-CQSzb8J7.js       [39m[1m[2m   23.51 kB[22m[1m[22m[2m Γöé gzip:   8.30 kB[22m
[2mdist/[22m[36massets/timeline-definition-IT6M3QCI-3ejDoLru.js  [39m[1m[2m   23.55 kB[22m[1m[22m[2m Γöé gzip:   8.20 kB[22m
[2mdist/[22m[36massets/gitGraphDiagram-NY62KEGX-URKotuQX.js      [39m[1m[2m   24.10 kB[22m[1m[22m[2m Γöé gzip:   7.42 kB[22m
[2mdist/[22m[36massets/erDiagram-Q2GNP2WA-CIlxeRaW.js            [39m[1m[2m   25.21 kB[22m[1m[22m[2m Γöé gzip:   8.81 kB[22m
[2mdist/[22m[36massets/layout-DWjuiZ49.js                        [39m[1m[2m   27.38 kB[22m[1m[22m[2m Γöé gzip:   9.73 kB[22m
[2mdist/[22m[36massets/requirementDiagram-UZGBJVZJ-DIVG_dcz.js   [39m[1m[2m   30.05 kB[22m[1m[22m[2m Γöé gzip:   9.40 kB[22m
[2mdist/[22m[36massets/quadrantDiagram-AYHSOK5B-CvyNAYHb.js      [39m[1m[2m   33.81 kB[22m[1m[22m[2m Γöé gzip:   9.93 kB[22m
[2mdist/[22m[36massets/chunk-DI55MBZ5-BgsLqaJM.js                [39m[1m[2m   36.33 kB[22m[1m[22m[2m Γöé gzip:  11.84 kB[22m
[2mdist/[22m[36massets/xychartDiagram-PRI3JC2R-CASuDEQ-.js       [39m[1m[2m   40.18 kB[22m[1m[22m[2m Γöé gzip:  11.43 kB[22m
[2mdist/[22m[36massets/chunk-B4BG7PRW-DsfxxDVN.js                [39m[1m[2m   45.31 kB[22m[1m[22m[2m Γöé gzip:  14.70 kB[22m
[2mdist/[22m[36massets/flowDiagram-NV44I4VS-DGth8OOy.js          [39m[1m[2m   60.42 kB[22m[1m[22m[2m Γöé gzip:  19.42 kB[22m
[2mdist/[22m[36massets/ganttDiagram-JELNMOA3-CyJMvTHv.js         [39m[1m[2m   68.27 kB[22m[1m[22m[2m Γöé gzip:  23.13 kB[22m
[2mdist/[22m[36massets/c4Diagram-YG6GDRKO-DMzWNxtv.js            [39m[1m[2m   70.10 kB[22m[1m[22m[2m Γöé gzip:  19.66 kB[22m
[2mdist/[22m[36massets/blockDiagram-VD42YOAC-B3OvVReM.js         [39m[1m[2m   71.77 kB[22m[1m[22m[2m Γöé gzip:  20.48 kB[22m
[2mdist/[22m[36massets/cose-bilkent-S5V4N54A-DAZpkh9P.js         [39m[1m[2m   81.66 kB[22m[1m[22m[2m Γöé gzip:  22.46 kB[22m
[2mdist/[22m[36massets/sequenceDiagram-WL72ISMW-CJH_EkKe.js      [39m[1m[2m   97.77 kB[22m[1m[22m[2m Γöé gzip:  26.83 kB[22m
[2mdist/[22m[36massets/architectureDiagram-VXUJARFQ-CoiYLrHe.js  [39m[1m[2m  148.60 kB[22m[1m[22m[2m Γöé gzip:  42.05 kB[22m
[2mdist/[22m[36massets/treemap-KMMF4GRG-3jFrfmou.js              [39m[1m[2m  329.96 kB[22m[1m[22m[2m Γöé gzip:  80.42 kB[22m
[2mdist/[22m[36massets/cytoscape.esm-BnkdMOzK.js                 [39m[1m[2m  441.74 kB[22m[1m[22m[2m Γöé gzip: 141.49 kB[22m
[2mdist/[22m[36massets/index-CQ923z24.js                         [39m[1m[33m1,547.60 kB[39m[22m[2m Γöé gzip: 451.48 kB[22m
[33m
(!) Some chunks are larger than 500 kB after minification. Consider:
- Using dynamic import() to code-split the application
- Use build.rollupOptions.output.manualChunks to improve chunking: https://rollupjs.org/configuration-options/#output-manualchunks
- Adjust chunk size limit for this warning via build.chunkSizeWarningLimit.[39m
[32mΓ£ô built in 6.28s[39m
