src/pages/InferencePage.tsx(117,9): error TS6133: 'infAutoFit' is declared but its value is never read.
src/pages/InferencePage.tsx(117,21): error TS6133: 'setInfAutoFit' is declared but its value is never read.
src/pages/InferencePage.tsx(144,12): error TS6133: 'canvasMode' is declared but its value is never read.
